******************************************************************************
                  TI ARM Linker PC v18.1.3                     
******************************************************************************
>> Linked Mon Nov 12 21:09:19 2018

OUTPUT FILE NAME:   <adc_kesme.out>
ENTRY POINT SYMBOL: "_c_int00_noargs"  address: 00000615


MEMORY CONFIGURATION

         name            origin    length      used     unused   attr    fill
----------------------  --------  ---------  --------  --------  ----  --------
  FLASH                 00000000   00040000  0000079a  0003f866  R  X
  SRAM                  20000000   00008000  0000046c  00007b94  RW X


SEGMENT ALLOCATION MAP

run origin  load origin   length   init length attrs members
----------  ----------- ---------- ----------- ----- -------
00000000    00000000    0000079c   0000079c    r-x
  00000000    00000000    0000026c   0000026c    r-- .intvecs
  0000026c    0000026c    00000506   00000506    r-x .text
  00000774    00000774    00000014   00000014    r-- .const
  00000788    00000788    00000014   00000014    r-- .cinit
20000000    20000000    00000470   00000000    rw-
  20000000    20000000    0000026c   00000000    rw- .vtable
  20000270    20000270    00000200   00000000    rw- .stack


SECTION ALLOCATION MAP

 output                                  attributes/
section   page    origin      length       input sections
--------  ----  ----------  ----------   ----------------
.intvecs   0    00000000    0000026c     
                  00000000    0000026c     tm4c123gh6pm_startup_ccs.obj (.intvecs)

.text      0    0000026c    00000506     
                  0000026c    000000f4     driverlib.lib : sysctl.obj (.text:SysCtlClockSet)
                  00000360    000000ec     main.obj (.text)
                  0000044c    0000007a     driverlib.lib : adc.obj (.text:ADCSequenceStepConfigure)
                  000004c6    00000002     --HOLE-- [fill = 0]
                  000004c8    00000068                   : interrupt.obj (.text:IntEnable)
                  00000530    00000050                   : adc.obj (.text:_ADCIntNumberGet)
                  00000580    0000004e                   : adc.obj (.text:ADCSequenceConfigure)
                  000005ce    00000002     --HOLE-- [fill = 0]
                  000005d0    00000044     rtsv7M4_T_le_v4SPD16_eabi.lib : autoinit.c.obj (.text:__TI_auto_init_nobinit_nopinit:__TI_auto_init_nobinit_nopinit)
                  00000614    00000038                                   : boot_cortex_m.c.obj (.text:_c_int00_noargs:_c_int00_noargs)
                  0000064c    00000034     driverlib.lib : interrupt.obj (.text:IntRegister)
                  00000680    00000034                   : sysctl.obj (.text:SysCtlPeripheralEnable)
                  000006b4    0000001e                   : adc.obj (.text:ADCSequenceDataGet)
                  000006d2    00000018                   : adc.obj (.text:ADCIntRegister)
                  000006ea    00000018                   : adc.obj (.text:ADCProcessorTrigger)
                  00000702    00000012     rtsv7M4_T_le_v4SPD16_eabi.lib : copy_zero_init.c.obj (.text:decompress:ZI:__TI_zero_init_nomemset:__TI_zero_init_nomemset)
                  00000714    00000010     driverlib.lib : adc.obj (.text:ADCIntEnable)
                  00000724    00000010                   : interrupt.obj (.text:IntMasterEnable)
                  00000734    0000000e                   : adc.obj (.text:ADCSequenceEnable)
                  00000742    0000000c                   : cpu.obj (.text:CPUcpsie)
                  0000074e    0000000c     tm4c123gh6pm_startup_ccs.obj (.text)
                  0000075a    0000000a     driverlib.lib : adc.obj (.text:ADCIntClear)
                  00000764    00000006                   : sysctl.obj (.text:SysCtlDelay)
                  0000076a    00000004     rtsv7M4_T_le_v4SPD16_eabi.lib : pre_init.c.obj (.text:_system_pre_init)
                  0000076e    00000004                                   : exit.c.obj (.text:abort:abort)

.const     0    00000774    00000014     
                  00000774    00000014     driverlib.lib : interrupt.obj (.const:g_pui32EnRegs)

.cinit     0    00000788    00000014     
                  00000788    00000008     (.cinit..vtable.load) [load image, compression = zero_init]
                  00000790    00000004     (__TI_handler_table)
                  00000794    00000008     (__TI_cinit_table)

.init_array 
*          0    00000000    00000000     UNINITIALIZED

.vtable    0    20000000    0000026c     UNINITIALIZED
                  20000000    0000026c     driverlib.lib : interrupt.obj (.vtable)

.stack     0    20000270    00000200     UNINITIALIZED
                  20000270    00000004     rtsv7M4_T_le_v4SPD16_eabi.lib : boot_cortex_m.c.obj (.stack)
                  20000274    000001fc     --HOLE--

MODULE SUMMARY

       Module                         code   ro data   rw data
       ------                         ----   -------   -------
    .\
       tm4c123gh6pm_startup_ccs.obj   12     620       0      
       main.obj                       236    0         0      
    +--+------------------------------+------+---------+---------+
       Total:                         248    620       0      
                                                              
    C:/ti/TivaWare_C_Series-2.1.4.178/driverlib/ccs/Debug/driverlib.lib
       interrupt.obj                  172    20        620    
       adc.obj                        398    0         0      
       sysctl.obj                     302    0         0      
       cpu.obj                        12     0         0      
    +--+------------------------------+------+---------+---------+
       Total:                         884    20        620    
                                                              
    C:\ti\ccsv8\tools\compiler\ti-cgt-arm_18.1.3.LTS\lib\rtsv7M4_T_le_v4SPD16_eabi.lib
       autoinit.c.obj                 68     0         0      
       boot_cortex_m.c.obj            56     0         0      
       copy_zero_init.c.obj           18     0         0      
       exit.c.obj                     4      0         0      
       pre_init.c.obj                 4      0         0      
    +--+------------------------------+------+---------+---------+
       Total:                         150    0         0      
                                                              
       Stack:                         0      0         512    
       Linker Generated:              0      20        0      
    +--+------------------------------+------+---------+---------+
       Grand Total:                   1282   660       1132   


LINKER GENERATED COPY TABLES

__TI_cinit_table @ 00000794 records: 1, size/record: 8, table size: 8
	.vtable: load addr=00000788, load size=00000008 bytes, run addr=20000000, run size=0000026c bytes, compression=zero_init


LINKER GENERATED HANDLER TABLE

__TI_handler_table @ 00000790 records: 1, size/record: 4, table size: 4
	index: 0, handler: __TI_zero_init


GLOBAL SYMBOLS: SORTED ALPHABETICALLY BY Name 

address   name                          
-------   ----                          
0000075b  ADCIntClear                   
00000715  ADCIntEnable                  
000006d3  ADCIntRegister                
000006eb  ADCProcessorTrigger           
00000581  ADCSequenceConfigure          
000006b5  ADCSequenceDataGet            
00000735  ADCSequenceEnable             
0000044d  ADCSequenceStepConfigure      
0000076f  C$$EXIT                       
00000743  CPUcpsie                      
000004c9  IntEnable                     
00000725  IntMasterEnable               
0000064d  IntRegister                   
0000074f  ResetISR                      
0000026d  SysCtlClockSet                
00000765  SysCtlDelay                   
00000681  SysCtlPeripheralEnable        
20000470  __STACK_END                   
00000200  __STACK_SIZE                  
20000470  __STACK_TOP                   
00000794  __TI_CINIT_Base               
0000079c  __TI_CINIT_Limit              
00000790  __TI_Handler_Table_Base       
00000794  __TI_Handler_Table_Limit      
000005d1  __TI_auto_init_nobinit_nopinit
ffffffff  __TI_pprof_out_hndl           
ffffffff  __TI_prof_data_size           
ffffffff  __TI_prof_data_start          
00000000  __TI_static_base__            
00000703  __TI_zero_init_nomemset       
ffffffff  __binit__                     
ffffffff  __c_args__                    
UNDEFED   __mpu_init                    
20000270  __stack                       
00000615  _c_int00_noargs               
UNDEFED   _system_post_cinit            
0000076b  _system_pre_init              
0000076f  abort                         
00000361  adckesme                      
ffffffff  binit                         
20000000  g_pfnRAMVectors               
00000000  g_pfnVectors                  
000003bb  main                          


GLOBAL SYMBOLS: SORTED BY Symbol Address 

address   name                          
-------   ----                          
00000000  __TI_static_base__            
00000000  g_pfnVectors                  
00000200  __STACK_SIZE                  
0000026d  SysCtlClockSet                
00000361  adckesme                      
000003bb  main                          
0000044d  ADCSequenceStepConfigure      
000004c9  IntEnable                     
00000581  ADCSequenceConfigure          
000005d1  __TI_auto_init_nobinit_nopinit
00000615  _c_int00_noargs               
0000064d  IntRegister                   
00000681  SysCtlPeripheralEnable        
000006b5  ADCSequenceDataGet            
000006d3  ADCIntRegister                
000006eb  ADCProcessorTrigger           
00000703  __TI_zero_init_nomemset       
00000715  ADCIntEnable                  
00000725  IntMasterEnable               
00000735  ADCSequenceEnable             
00000743  CPUcpsie                      
0000074f  ResetISR                      
0000075b  ADCIntClear                   
00000765  SysCtlDelay                   
0000076b  _system_pre_init              
0000076f  C$$EXIT                       
0000076f  abort                         
00000790  __TI_Handler_Table_Base       
00000794  __TI_CINIT_Base               
00000794  __TI_Handler_Table_Limit      
0000079c  __TI_CINIT_Limit              
20000000  g_pfnRAMVectors               
20000270  __stack                       
20000470  __STACK_END                   
20000470  __STACK_TOP                   
ffffffff  __TI_pprof_out_hndl           
ffffffff  __TI_prof_data_size           
ffffffff  __TI_prof_data_start          
ffffffff  __binit__                     
ffffffff  __c_args__                    
ffffffff  binit                         
UNDEFED   __mpu_init                    
UNDEFED   _system_post_cinit            

[43 symbols]
