******************************************************************************
                  TI ARM Linker PC v18.1.3                     
******************************************************************************
>> Linked Tue Oct 23 21:53:53 2018

OUTPUT FILE NAME:   <hafta5_2.out>
ENTRY POINT SYMBOL: "_c_int00_noinit_noargs"  address: 0000085d


MEMORY CONFIGURATION

         name            origin    length      used     unused   attr    fill
----------------------  --------  ---------  --------  --------  ----  --------
  FLASH                 00000000   00040000  0000090c  0003f6f4  R  X
  SRAM                  20000000   00008000  00000200  00007e00  RW X


SEGMENT ALLOCATION MAP

run origin  load origin   length   init length attrs members
----------  ----------- ---------- ----------- ----- -------
00000000    00000000    0000090c   0000090c    r-x
  00000000    00000000    0000026c   0000026c    r-- .intvecs
  0000026c    0000026c    000006a0   000006a0    r-x .text
20000000    20000000    00000200   00000000    rw-
  20000000    20000000    00000200   00000000    rw- .stack


SECTION ALLOCATION MAP

 output                                  attributes/
section   page    origin      length       input sections
--------  ----  ----------  ----------   ----------------
.intvecs   0    00000000    0000026c     
                  00000000    0000026c     tm4c123gh6pm_startup_ccs.obj (.intvecs)

.text      0    0000026c    000006a0     
                  0000026c    000001b6     rtsv7M4_T_le_v4SPD16_eabi.lib : fd_add_t2.asm.obj (.text)
                  00000422    00000132     driverlib.lib : gpio.obj (.text:GPIOPadConfigSet)
                  00000554    00000114     main.obj (.text)
                  00000668    000000f4     driverlib.lib : sysctl.obj (.text:SysCtlClockSet)
                  0000075c    00000086     rtsv7M4_T_le_v4SPD16_eabi.lib : fd_cmp_t2.asm.obj (.text:__aeabi_cdcmple)
                  000007e2    00000044                                   : fd_tou_t2.asm.obj (.text)
                  00000826    00000002     --HOLE-- [fill = 0]
                  00000828    00000034     driverlib.lib : sysctl.obj (.text:SysCtlPeripheralEnable)
                  0000085c    00000030     rtsv7M4_T_le_v4SPD16_eabi.lib : boot_cortex_m.c.obj (.text:_c_int00_noinit_noargs:_c_int00_noinit_noargs)
                  0000088c    0000002c     driverlib.lib : gpio.obj (.text:GPIODirModeSet)
                  000008b8    00000018                   : gpio.obj (.text:GPIOPinTypeGPIOOutput)
                  000008d0    00000016                   : gpio.obj (.text:GPIOPinTypeGPIOInput)
                  000008e6    0000000c     tm4c123gh6pm_startup_ccs.obj (.text)
                  000008f2    00000006     driverlib.lib : gpio.obj (.text:GPIOPinRead)
                  000008f8    00000006                   : gpio.obj (.text:GPIOPinWrite)
                  000008fe    00000006                   : sysctl.obj (.text:SysCtlDelay)
                  00000904    00000004     rtsv7M4_T_le_v4SPD16_eabi.lib : pre_init.c.obj (.text:_system_pre_init)
                  00000908    00000004                                   : exit.c.obj (.text:abort:abort)

.cinit     0    00000000    00000000     UNINITIALIZED

.init_array 
*          0    00000000    00000000     UNINITIALIZED

.stack     0    20000000    00000200     UNINITIALIZED
                  20000000    00000004     rtsv7M4_T_le_v4SPD16_eabi.lib : boot_cortex_m.c.obj (.stack)
                  20000004    000001fc     --HOLE--

MODULE SUMMARY

       Module                         code   ro data   rw data
       ------                         ----   -------   -------
    .\
       tm4c123gh6pm_startup_ccs.obj   12     620       0      
       main.obj                       276    0         0      
    +--+------------------------------+------+---------+---------+
       Total:                         288    620       0      
                                                              
    C:/ti/TivaWare_C_Series-2.1.4.178/driverlib/ccs/Debug/driverlib.lib
       gpio.obj                       408    0         0      
       sysctl.obj                     302    0         0      
    +--+------------------------------+------+---------+---------+
       Total:                         710    0         0      
                                                              
    C:\ti\ccsv8\tools\compiler\ti-cgt-arm_18.1.3.LTS\lib\rtsv7M4_T_le_v4SPD16_eabi.lib
       fd_add_t2.asm.obj              438    0         0      
       fd_cmp_t2.asm.obj              134    0         0      
       fd_tou_t2.asm.obj              68     0         0      
       boot_cortex_m.c.obj            48     0         0      
       exit.c.obj                     4      0         0      
       pre_init.c.obj                 4      0         0      
    +--+------------------------------+------+---------+---------+
       Total:                         696    0         0      
                                                              
       Stack:                         0      0         512    
    +--+------------------------------+------+---------+---------+
       Grand Total:                   1694   620       512    


GLOBAL SYMBOLS: SORTED ALPHABETICALLY BY Name 

address   name                  
-------   ----                  
00000909  C$$EXIT               
0000088d  GPIODirModeSet        
00000423  GPIOPadConfigSet      
000008f3  GPIOPinRead           
000008d1  GPIOPinTypeGPIOInput  
000008b9  GPIOPinTypeGPIOOutput 
000008f9  GPIOPinWrite          
000008e7  ResetISR              
00000669  SysCtlClockSet        
000008ff  SysCtlDelay           
00000829  SysCtlPeripheralEnable
20000200  __STACK_END           
00000200  __STACK_SIZE          
20000200  __STACK_TOP           
ffffffff  __TI_pprof_out_hndl   
ffffffff  __TI_prof_data_size   
ffffffff  __TI_prof_data_start  
00000000  __TI_static_base__    
0000075d  __aeabi_cdcmpeq       
0000075d  __aeabi_cdcmple       
000007e3  __aeabi_d2uiz         
00000277  __aeabi_dadd          
0000026d  __aeabi_dsub          
ffffffff  __binit__             
ffffffff  __c_args__            
UNDEFED   __mpu_init            
20000000  __stack               
0000085d  _c_int00_noinit_noargs
00000905  _system_pre_init      
00000909  abort                 
ffffffff  binit                 
00000000  g_pfnVectors          
00000555  main                  


GLOBAL SYMBOLS: SORTED BY Symbol Address 

address   name                  
-------   ----                  
00000000  __TI_static_base__    
00000000  g_pfnVectors          
00000200  __STACK_SIZE          
0000026d  __aeabi_dsub          
00000277  __aeabi_dadd          
00000423  GPIOPadConfigSet      
00000555  main                  
00000669  SysCtlClockSet        
0000075d  __aeabi_cdcmpeq       
0000075d  __aeabi_cdcmple       
000007e3  __aeabi_d2uiz         
00000829  SysCtlPeripheralEnable
0000085d  _c_int00_noinit_noargs
0000088d  GPIODirModeSet        
000008b9  GPIOPinTypeGPIOOutput 
000008d1  GPIOPinTypeGPIOInput  
000008e7  ResetISR              
000008f3  GPIOPinRead           
000008f9  GPIOPinWrite          
000008ff  SysCtlDelay           
00000905  _system_pre_init      
00000909  C$$EXIT               
00000909  abort                 
20000000  __stack               
20000200  __STACK_END           
20000200  __STACK_TOP           
ffffffff  __TI_pprof_out_hndl   
ffffffff  __TI_prof_data_size   
ffffffff  __TI_prof_data_start  
ffffffff  __binit__             
ffffffff  __c_args__            
ffffffff  binit                 
UNDEFED   __mpu_init            

[33 symbols]
