******************************************************************************
                  TI ARM Linker PC v18.1.3                     
******************************************************************************
>> Linked Fri Oct 26 02:34:36 2018

OUTPUT FILE NAME:   <lcd.out>
ENTRY POINT SYMBOL: "_c_int00_noinit_noargs"  address: 00000699


MEMORY CONFIGURATION

         name            origin    length      used     unused   attr    fill
----------------------  --------  ---------  --------  --------  ----  --------
  FLASH                 00000000   00040000  0000072c  0003f8d4  R  X
  SRAM                  20000000   00008000  00000200  00007e00  RW X


SEGMENT ALLOCATION MAP

run origin  load origin   length   init length attrs members
----------  ----------- ---------- ----------- ----- -------
00000000    00000000    0000072c   0000072c    r-x
  00000000    00000000    0000026c   0000026c    r-- .intvecs
  0000026c    0000026c    000004c0   000004c0    r-x .text
20000000    20000000    00000200   00000000    rw-
  20000000    20000000    00000200   00000000    rw- .stack


SECTION ALLOCATION MAP

 output                                  attributes/
section   page    origin      length       input sections
--------  ----  ----------  ----------   ----------------
.intvecs   0    00000000    0000026c     
                  00000000    0000026c     tm4c123gh6pm_startup_ccs.obj (.intvecs)

.text      0    0000026c    000004c0     
                  0000026c    000001d0     main.obj (.text)
                  0000043c    00000132     driverlib.lib : gpio.obj (.text:GPIOPadConfigSet)
                  0000056e    00000002     --HOLE-- [fill = 0]
                  00000570    000000f4                   : sysctl.obj (.text:SysCtlClockSet)
                  00000664    00000034                   : sysctl.obj (.text:SysCtlPeripheralEnable)
                  00000698    00000030     rtsv7M4_T_le_v4SPD16_eabi.lib : boot_cortex_m.c.obj (.text:_c_int00_noinit_noargs:_c_int00_noinit_noargs)
                  000006c8    0000002c     driverlib.lib : gpio.obj (.text:GPIODirModeSet)
                  000006f4    00000018                   : gpio.obj (.text:GPIOPinTypeGPIOOutput)
                  0000070c    0000000c     tm4c123gh6pm_startup_ccs.obj (.text)
                  00000718    00000006     driverlib.lib : gpio.obj (.text:GPIOPinWrite)
                  0000071e    00000006                   : sysctl.obj (.text:SysCtlDelay)
                  00000724    00000004     rtsv7M4_T_le_v4SPD16_eabi.lib : pre_init.c.obj (.text:_system_pre_init)
                  00000728    00000004                                   : exit.c.obj (.text:abort:abort)

.cinit     0    00000000    00000000     UNINITIALIZED

.init_array 
*          0    00000000    00000000     UNINITIALIZED

.stack     0    20000000    00000200     UNINITIALIZED
                  20000000    00000004     rtsv7M4_T_le_v4SPD16_eabi.lib : boot_cortex_m.c.obj (.stack)
                  20000004    000001fc     --HOLE--

MODULE SUMMARY

       Module                         code   ro data   rw data
       ------                         ----   -------   -------
    .\
       tm4c123gh6pm_startup_ccs.obj   12     620       0      
       main.obj                       464    0         0      
    +--+------------------------------+------+---------+---------+
       Total:                         476    620       0      
                                                              
    C:/ti/TivaWare_C_Series-2.1.4.178/driverlib/ccs/Debug/driverlib.lib
       gpio.obj                       380    0         0      
       sysctl.obj                     302    0         0      
    +--+------------------------------+------+---------+---------+
       Total:                         682    0         0      
                                                              
    C:\ti\ccsv8\tools\compiler\ti-cgt-arm_18.1.3.LTS\lib\rtsv7M4_T_le_v4SPD16_eabi.lib
       boot_cortex_m.c.obj            48     0         0      
       exit.c.obj                     4      0         0      
       pre_init.c.obj                 4      0         0      
    +--+------------------------------+------+---------+---------+
       Total:                         56     0         0      
                                                              
       Stack:                         0      0         512    
    +--+------------------------------+------+---------+---------+
       Grand Total:                   1214   620       512    


GLOBAL SYMBOLS: SORTED ALPHABETICALLY BY Name 

address   name                  
-------   ----                  
00000729  C$$EXIT               
000006c9  GPIODirModeSet        
0000043d  GPIOPadConfigSet      
000006f5  GPIOPinTypeGPIOOutput 
00000719  GPIOPinWrite          
0000034d  Lcd_Komut             
0000039b  Lcd_SatirveSutunaGit  
000003d3  Lcd_Tek_Karakter_Yaz  
0000038b  Lcd_Temizle           
0000030f  Lcd_init              
0000070d  ResetISR              
00000571  SysCtlClockSet        
0000071f  SysCtlDelay           
00000665  SysCtlPeripheralEnable
20000200  __STACK_END           
00000200  __STACK_SIZE          
20000200  __STACK_TOP           
ffffffff  __TI_pprof_out_hndl   
ffffffff  __TI_prof_data_size   
ffffffff  __TI_prof_data_start  
00000000  __TI_static_base__    
ffffffff  __binit__             
ffffffff  __c_args__            
UNDEFED   __mpu_init            
20000000  __stack               
00000699  _c_int00_noinit_noargs
00000725  _system_pre_init      
00000729  abort                 
ffffffff  binit                 
00000000  g_pfnVectors          
0000026d  main                  


GLOBAL SYMBOLS: SORTED BY Symbol Address 

address   name                  
-------   ----                  
00000000  __TI_static_base__    
00000000  g_pfnVectors          
00000200  __STACK_SIZE          
0000026d  main                  
0000030f  Lcd_init              
0000034d  Lcd_Komut             
0000038b  Lcd_Temizle           
0000039b  Lcd_SatirveSutunaGit  
000003d3  Lcd_Tek_Karakter_Yaz  
0000043d  GPIOPadConfigSet      
00000571  SysCtlClockSet        
00000665  SysCtlPeripheralEnable
00000699  _c_int00_noinit_noargs
000006c9  GPIODirModeSet        
000006f5  GPIOPinTypeGPIOOutput 
0000070d  ResetISR              
00000719  GPIOPinWrite          
0000071f  SysCtlDelay           
00000725  _system_pre_init      
00000729  C$$EXIT               
00000729  abort                 
20000000  __stack               
20000200  __STACK_END           
20000200  __STACK_TOP           
ffffffff  __TI_pprof_out_hndl   
ffffffff  __TI_prof_data_size   
ffffffff  __TI_prof_data_start  
ffffffff  __binit__             
ffffffff  __c_args__            
ffffffff  binit                 
UNDEFED   __mpu_init            

[31 symbols]
