******************************************************************************
                  TI ARM Linker PC v18.1.3                     
******************************************************************************
>> Linked Tue Oct 23 23:13:59 2018

OUTPUT FILE NAME:   <work1_2.out>
ENTRY POINT SYMBOL: "_c_int00_noargs"  address: 000019e5


MEMORY CONFIGURATION

         name            origin    length      used     unused   attr    fill
----------------------  --------  ---------  --------  --------  ----  --------
  FLASH                 00000000   00040000  00001dca  0003e236  R  X
  SRAM                  20000000   00008000  0000047c  00007b84  RW X


SEGMENT ALLOCATION MAP

run origin  load origin   length   init length attrs members
----------  ----------- ---------- ----------- ----- -------
00000000    00000000    00001dd0   00001dd0    r-x
  00000000    00000000    0000026c   0000026c    r-- .intvecs
  0000026c    0000026c    00001942   00001942    r-x .text
  00001bb0    00001bb0    000001dc   000001dc    r-- .const
  00001d90    00001d90    00000040   00000040    r-- .cinit
20000000    20000000    0000047c   00000000    rw-
  20000000    20000000    0000026c   00000000    rw- .vtable
  2000026c    2000026c    00000004   00000000    rw- .bss
  20000270    20000270    00000200   00000000    rw- .stack
  20000470    20000470    0000000c   00000000    rw- .data


SECTION ALLOCATION MAP

 output                                  attributes/
section   page    origin      length       input sections
--------  ----  ----------  ----------   ----------------
.intvecs   0    00000000    0000026c     
                  00000000    0000026c     tm4c123gh6pm_startup_ccs.obj (.intvecs)

.text      0    0000026c    00001942     
                  0000026c    000009c0     rtsv7M4_T_le_v4SPD16_eabi.lib : e_pow.c.obj (.text:pow)
                  00000c2c    000001b6                                   : fd_add_t2.asm.obj (.text)
                  00000de2    00000002     --HOLE-- [fill = 0]
                  00000de4    000001a0     main.obj (.text)
                  00000f84    00000158     rtsv7M4_T_le_v4SPD16_eabi.lib : e_sqrt.c.obj (.text:sqrt)
                  000010dc    00000136                                   : fd_div_t2.asm.obj (.text)
                  00001212    00000132     driverlib.lib : gpio.obj (.text:GPIOPadConfigSet)
                  00001344    00000110     rtsv7M4_T_le_v4SPD16_eabi.lib : s_scalbn.c.obj (.text:scalbn)
                  00001454    000000fc                                   : fd_mul_t2.asm.obj (.text)
                  00001550    000000f4     driverlib.lib : sysctl.obj (.text:SysCtlClockSet)
                  00001644    0000009c     rtsv7M4_T_le_v4SPD16_eabi.lib : memcpy_t2.asm.obj (.text)
                  000016e0    00000086                                   : fd_cmp_t2.asm.obj (.text:__aeabi_cdcmple)
                  00001766    00000086                                   : fd_cmp_t2.asm.obj (.text:__aeabi_cdrcmple)
                  000017ec    00000068     driverlib.lib : interrupt.obj (.text:IntEnable)
                  00001854    00000068     rtsv7M4_T_le_v4SPD16_eabi.lib : copy_decompress_lzss.c.obj (.text:decompress:lzss:__TI_decompress_lzss)
                  000018bc    00000058     driverlib.lib : gpio.obj (.text:GPIOIntTypeSet)
                  00001914    00000048     rtsv7M4_T_le_v4SPD16_eabi.lib : fd_toi_t2.asm.obj (.text)
                  0000195c    00000044     driverlib.lib : gpio.obj (.text:_GPIOIntNumberGet)
                  000019a0    00000044     rtsv7M4_T_le_v4SPD16_eabi.lib : autoinit.c.obj (.text:__TI_auto_init_nobinit_nopinit:__TI_auto_init_nobinit_nopinit)
                  000019e4    00000038                                   : boot_cortex_m.c.obj (.text:_c_int00_noargs:_c_int00_noargs)
                  00001a1c    00000034     driverlib.lib : interrupt.obj (.text:IntRegister)
                  00001a50    00000034                   : sysctl.obj (.text:SysCtlPeripheralEnable)
                  00001a84    0000002e     rtsv7M4_T_le_v4SPD16_eabi.lib : i_tofd_t2.asm.obj (.text)
                  00001ab2    0000002c     driverlib.lib : gpio.obj (.text:GPIODirModeSet)
                  00001ade    00000018                   : gpio.obj (.text:GPIOIntRegister)
                  00001af6    00000018                   : gpio.obj (.text:GPIOPinTypeGPIOOutput)
                  00001b0e    00000016                   : gpio.obj (.text:GPIOPinTypeGPIOInput)
                  00001b24    00000014     rtsv7M4_T_le_v4SPD16_eabi.lib : s_copysign.c.obj (.text:copysign)
                  00001b38    00000012                                   : copy_zero_init.c.obj (.text:decompress:ZI:__TI_zero_init_nomemset:__TI_zero_init_nomemset)
                  00001b4a    00000010     driverlib.lib : interrupt.obj (.text:IntMasterEnable)
                  00001b5a    0000000e     rtsv7M4_T_le_v4SPD16_eabi.lib : copy_decompress_none.c.obj (.text:decompress:none:__TI_decompress_none)
                  00001b68    0000000c     driverlib.lib : cpu.obj (.text:CPUcpsie)
                  00001b74    0000000c                   : gpio.obj (.text:GPIOIntEnable)
                  00001b80    0000000c     tm4c123gh6pm_startup_ccs.obj (.text)
                  00001b8c    00000008     rtsv7M4_T_le_v4SPD16_eabi.lib : errno.c.obj (.text:__aeabi_errno_addr)
                  00001b94    00000006     driverlib.lib : gpio.obj (.text:GPIOPinRead)
                  00001b9a    00000006                   : gpio.obj (.text:GPIOPinWrite)
                  00001ba0    00000006                   : sysctl.obj (.text:SysCtlDelay)
                  00001ba6    00000004     rtsv7M4_T_le_v4SPD16_eabi.lib : pre_init.c.obj (.text:_system_pre_init)
                  00001baa    00000004                                   : exit.c.obj (.text:abort:abort)

.const     0    00001bb0    000001dc     
                  00001bb0    000000d8     driverlib.lib : gpio.obj (.const:g_ppui32GPIOIntMapSnowflake)
                  00001c88    000000c0                   : gpio.obj (.const:g_ppui32GPIOIntMapBlizzard)
                  00001d48    00000030     rtsv7M4_T_le_v4SPD16_eabi.lib : e_pow.c.obj (.const:$O1$$)
                  00001d78    00000014     driverlib.lib : interrupt.obj (.const:g_pui32EnRegs)

.cinit     0    00001d90    00000040     
                  00001d90    0000000c     (__TI_handler_table)
                  00001d9c    00000004     --HOLE-- [fill = 0]
                  00001da0    00000008     (.cinit..bss.load) [load image, compression = zero_init]
                  00001da8    00000008     (.cinit..vtable.load) [load image, compression = zero_init]
                  00001db0    00000007     (.cinit..data.load) [load image, compression = lzss]
                  00001db7    00000001     --HOLE-- [fill = 0]
                  00001db8    00000018     (__TI_cinit_table)

.init_array 
*          0    00000000    00000000     UNINITIALIZED

.vtable    0    20000000    0000026c     UNINITIALIZED
                  20000000    0000026c     driverlib.lib : interrupt.obj (.vtable)

.bss       0    2000026c    00000004     UNINITIALIZED
                  2000026c    00000004     (.common:b)

.data      0    20000470    0000000c     UNINITIALIZED
                  20000470    00000008     main.obj (.data)
                  20000478    00000004     rtsv7M4_T_le_v4SPD16_eabi.lib : errno.c.obj (.data)

.stack     0    20000270    00000200     UNINITIALIZED
                  20000270    00000004     rtsv7M4_T_le_v4SPD16_eabi.lib : boot_cortex_m.c.obj (.stack)
                  20000274    000001fc     --HOLE--

MODULE SUMMARY

       Module                         code   ro data   rw data
       ------                         ----   -------   -------
    .\
       tm4c123gh6pm_startup_ccs.obj   12     620       0      
       main.obj                       416    0         12     
    +--+------------------------------+------+---------+---------+
       Total:                         428    620       12     
                                                              
    C:/ti/TivaWare_C_Series-2.1.4.178/driverlib/ccs/Debug/driverlib.lib
       gpio.obj                       600    408       0      
       interrupt.obj                  172    20        620    
       sysctl.obj                     302    0         0      
       cpu.obj                        12     0         0      
    +--+------------------------------+------+---------+---------+
       Total:                         1086   428       620    
                                                              
    C:\ti\ccsv8\tools\compiler\ti-cgt-arm_18.1.3.LTS\lib\rtsv7M4_T_le_v4SPD16_eabi.lib
       e_pow.c.obj                    2496   48        0      
       fd_add_t2.asm.obj              438    0         0      
       e_sqrt.c.obj                   344    0         0      
       fd_div_t2.asm.obj              310    0         0      
       s_scalbn.c.obj                 272    0         0      
       fd_cmp_t2.asm.obj              268    0         0      
       fd_mul_t2.asm.obj              252    0         0      
       memcpy_t2.asm.obj              156    0         0      
       copy_decompress_lzss.c.obj     104    0         0      
       fd_toi_t2.asm.obj              72     0         0      
       autoinit.c.obj                 68     0         0      
       boot_cortex_m.c.obj            56     0         0      
       i_tofd_t2.asm.obj              46     0         0      
       s_copysign.c.obj               20     0         0      
       copy_zero_init.c.obj           18     0         0      
       copy_decompress_none.c.obj     14     0         0      
       errno.c.obj                    8      0         4      
       exit.c.obj                     4      0         0      
       pre_init.c.obj                 4      0         0      
    +--+------------------------------+------+---------+---------+
       Total:                         4950   48        4      
                                                              
       Stack:                         0      0         512    
       Linker Generated:              0      59        0      
    +--+------------------------------+------+---------+---------+
       Grand Total:                   6464   1155      1148   


LINKER GENERATED COPY TABLES

__TI_cinit_table @ 00001db8 records: 3, size/record: 8, table size: 24
	.bss: load addr=00001da0, load size=00000008 bytes, run addr=2000026c, run size=00000004 bytes, compression=zero_init
	.vtable: load addr=00001da8, load size=00000008 bytes, run addr=20000000, run size=0000026c bytes, compression=zero_init
	.data: load addr=00001db0, load size=00000007 bytes, run addr=20000470, run size=0000000c bytes, compression=lzss


LINKER GENERATED HANDLER TABLE

__TI_handler_table @ 00001d90 records: 3, size/record: 4, table size: 12
	index: 0, handler: __TI_zero_init
	index: 1, handler: __TI_decompress_lzss
	index: 2, handler: __TI_decompress_none


GLOBAL SYMBOLS: SORTED ALPHABETICALLY BY Name 

address   name                          
-------   ----                          
00001bab  C$$EXIT                       
00001b69  CPUcpsie                      
00001ab3  GPIODirModeSet                
00001b75  GPIOIntEnable                 
00001adf  GPIOIntRegister               
000018bd  GPIOIntTypeSet                
00001213  GPIOPadConfigSet              
00001b95  GPIOPinRead                   
00001b0f  GPIOPinTypeGPIOInput          
00001af7  GPIOPinTypeGPIOOutput         
00001b9b  GPIOPinWrite                  
000017ed  IntEnable                     
00001b4b  IntMasterEnable               
00001a1d  IntRegister                   
00001b81  ResetISR                      
00001551  SysCtlClockSet                
00001ba1  SysCtlDelay                   
00001a51  SysCtlPeripheralEnable        
20000470  __STACK_END                   
00000200  __STACK_SIZE                  
20000470  __STACK_TOP                   
00001db8  __TI_CINIT_Base               
00001dd0  __TI_CINIT_Limit              
00001d90  __TI_Handler_Table_Base       
00001d9c  __TI_Handler_Table_Limit      
000019a1  __TI_auto_init_nobinit_nopinit
00001855  __TI_decompress_lzss          
00001b5b  __TI_decompress_none          
ffffffff  __TI_pprof_out_hndl           
ffffffff  __TI_prof_data_size           
ffffffff  __TI_prof_data_start          
00000000  __TI_static_base__            
00001b39  __TI_zero_init_nomemset       
000016e1  __aeabi_cdcmpeq               
000016e1  __aeabi_cdcmple               
00001767  __aeabi_cdrcmple              
00001915  __aeabi_d2iz                  
00000c37  __aeabi_dadd                  
000010dd  __aeabi_ddiv                  
00001455  __aeabi_dmul                  
00000c2d  __aeabi_dsub                  
00001b8d  __aeabi_errno_addr            
00001a85  __aeabi_i2d                   
00001645  __aeabi_memcpy                
00001645  __aeabi_memcpy4               
00001645  __aeabi_memcpy8               
ffffffff  __binit__                     
ffffffff  __c_args__                    
UNDEFED   __mpu_init                    
20000270  __stack                       
000019e5  _c_int00_noargs               
UNDEFED   _system_post_cinit            
00001ba7  _system_pre_init              
00001bab  abort                         
2000026c  b                             
ffffffff  binit                         
00001b25  copysign                      
00001b25  copysignl                     
20000478  errno                         
20000000  g_pfnRAMVectors               
00000000  g_pfnVectors                  
20000470  i                             
20000474  k                             
00000de5  kesmefonksiyonu               
00001345  ldexp                         
00001345  ldexpl                        
00000e25  ledyak                        
00000ed1  main                          
00001645  memcpy                        
0000026d  pow                           
0000026d  powl                          
00001345  scalbn                        
00001345  scalbnl                       
00000f85  sqrt                          
00000f85  sqrtl                         


GLOBAL SYMBOLS: SORTED BY Symbol Address 

address   name                          
-------   ----                          
00000000  __TI_static_base__            
00000000  g_pfnVectors                  
00000200  __STACK_SIZE                  
0000026d  pow                           
0000026d  powl                          
00000c2d  __aeabi_dsub                  
00000c37  __aeabi_dadd                  
00000de5  kesmefonksiyonu               
00000e25  ledyak                        
00000ed1  main                          
00000f85  sqrt                          
00000f85  sqrtl                         
000010dd  __aeabi_ddiv                  
00001213  GPIOPadConfigSet              
00001345  ldexp                         
00001345  ldexpl                        
00001345  scalbn                        
00001345  scalbnl                       
00001455  __aeabi_dmul                  
00001551  SysCtlClockSet                
00001645  __aeabi_memcpy                
00001645  __aeabi_memcpy4               
00001645  __aeabi_memcpy8               
00001645  memcpy                        
000016e1  __aeabi_cdcmpeq               
000016e1  __aeabi_cdcmple               
00001767  __aeabi_cdrcmple              
000017ed  IntEnable                     
00001855  __TI_decompress_lzss          
000018bd  GPIOIntTypeSet                
00001915  __aeabi_d2iz                  
000019a1  __TI_auto_init_nobinit_nopinit
000019e5  _c_int00_noargs               
00001a1d  IntRegister                   
00001a51  SysCtlPeripheralEnable        
00001a85  __aeabi_i2d                   
00001ab3  GPIODirModeSet                
00001adf  GPIOIntRegister               
00001af7  GPIOPinTypeGPIOOutput         
00001b0f  GPIOPinTypeGPIOInput          
00001b25  copysign                      
00001b25  copysignl                     
00001b39  __TI_zero_init_nomemset       
00001b4b  IntMasterEnable               
00001b5b  __TI_decompress_none          
00001b69  CPUcpsie                      
00001b75  GPIOIntEnable                 
00001b81  ResetISR                      
00001b8d  __aeabi_errno_addr            
00001b95  GPIOPinRead                   
00001b9b  GPIOPinWrite                  
00001ba1  SysCtlDelay                   
00001ba7  _system_pre_init              
00001bab  C$$EXIT                       
00001bab  abort                         
00001d90  __TI_Handler_Table_Base       
00001d9c  __TI_Handler_Table_Limit      
00001db8  __TI_CINIT_Base               
00001dd0  __TI_CINIT_Limit              
20000000  g_pfnRAMVectors               
2000026c  b                             
20000270  __stack                       
20000470  __STACK_END                   
20000470  __STACK_TOP                   
20000470  i                             
20000474  k                             
20000478  errno                         
ffffffff  __TI_pprof_out_hndl           
ffffffff  __TI_prof_data_size           
ffffffff  __TI_prof_data_start          
ffffffff  __binit__                     
ffffffff  __c_args__                    
ffffffff  binit                         
UNDEFED   __mpu_init                    
UNDEFED   _system_post_cinit            

[75 symbols]
