******************************************************************************
                  TI ARM Linker PC v18.1.3                     
******************************************************************************
>> Linked Mon Nov 12 17:26:22 2018

OUTPUT FILE NAME:   <hafta5_3.out>
ENTRY POINT SYMBOL: "_c_int00_noargs"  address: 0000065d


MEMORY CONFIGURATION

         name            origin    length      used     unused   attr    fill
----------------------  --------  ---------  --------  --------  ----  --------
  FLASH                 00000000   00040000  00000982  0003f67e  R  X
  SRAM                  20000000   00008000  0000046c  00007b94  RW X


SEGMENT ALLOCATION MAP

run origin  load origin   length   init length attrs members
----------  ----------- ---------- ----------- ----- -------
00000000    00000000    00000984   00000984    r-x
  00000000    00000000    0000026c   0000026c    r-- .intvecs
  0000026c    0000026c    00000556   00000556    r-x .text
  000007c4    000007c4    000001ac   000001ac    r-- .const
  00000970    00000970    00000014   00000014    r-- .cinit
20000000    20000000    00000470   00000000    rw-
  20000000    20000000    0000026c   00000000    rw- .vtable
  20000270    20000270    00000200   00000000    rw- .stack


SECTION ALLOCATION MAP

 output                                  attributes/
section   page    origin      length       input sections
--------  ----  ----------  ----------   ----------------
.intvecs   0    00000000    0000026c     
                  00000000    0000026c     tm4c123gh6pm_startup_ccs.obj (.intvecs)

.text      0    0000026c    00000556     
                  0000026c    00000132     driverlib.lib : gpio.obj (.text:GPIOPadConfigSet)
                  0000039e    00000002     --HOLE-- [fill = 0]
                  000003a0    000000f4                   : sysctl.obj (.text:SysCtlClockSet)
                  00000494    00000080     main.obj (.text)
                  00000514    00000068     driverlib.lib : interrupt.obj (.text:IntEnable)
                  0000057c    00000058                   : gpio.obj (.text:GPIOIntTypeSet)
                  000005d4    00000044                   : gpio.obj (.text:_GPIOIntNumberGet)
                  00000618    00000044     rtsv7M4_T_le_v4SPD16_eabi.lib : autoinit.c.obj (.text:__TI_auto_init_nobinit_nopinit:__TI_auto_init_nobinit_nopinit)
                  0000065c    00000038                                   : boot_cortex_m.c.obj (.text:_c_int00_noargs:_c_int00_noargs)
                  00000694    00000034     driverlib.lib : interrupt.obj (.text:IntRegister)
                  000006c8    00000034                   : sysctl.obj (.text:SysCtlPeripheralEnable)
                  000006fc    0000002c                   : gpio.obj (.text:GPIODirModeSet)
                  00000728    00000018                   : gpio.obj (.text:GPIOIntRegister)
                  00000740    00000018                   : gpio.obj (.text:GPIOPinTypeGPIOOutput)
                  00000758    00000016                   : gpio.obj (.text:GPIOPinTypeGPIOInput)
                  0000076e    00000012     rtsv7M4_T_le_v4SPD16_eabi.lib : copy_zero_init.c.obj (.text:decompress:ZI:__TI_zero_init_nomemset:__TI_zero_init_nomemset)
                  00000780    00000010     driverlib.lib : interrupt.obj (.text:IntMasterEnable)
                  00000790    0000000c                   : cpu.obj (.text:CPUcpsie)
                  0000079c    0000000c                   : gpio.obj (.text:GPIOIntEnable)
                  000007a8    0000000c     tm4c123gh6pm_startup_ccs.obj (.text)
                  000007b4    00000006     driverlib.lib : sysctl.obj (.text:SysCtlDelay)
                  000007ba    00000004     rtsv7M4_T_le_v4SPD16_eabi.lib : pre_init.c.obj (.text:_system_pre_init)
                  000007be    00000004                                   : exit.c.obj (.text:abort:abort)

.const     0    000007c4    000001ac     
                  000007c4    000000d8     driverlib.lib : gpio.obj (.const:g_ppui32GPIOIntMapSnowflake)
                  0000089c    000000c0                   : gpio.obj (.const:g_ppui32GPIOIntMapBlizzard)
                  0000095c    00000014                   : interrupt.obj (.const:g_pui32EnRegs)

.cinit     0    00000970    00000014     
                  00000970    00000008     (.cinit..vtable.load) [load image, compression = zero_init]
                  00000978    00000004     (__TI_handler_table)
                  0000097c    00000008     (__TI_cinit_table)

.init_array 
*          0    00000000    00000000     UNINITIALIZED

.vtable    0    20000000    0000026c     UNINITIALIZED
                  20000000    0000026c     driverlib.lib : interrupt.obj (.vtable)

.stack     0    20000270    00000200     UNINITIALIZED
                  20000270    00000004     rtsv7M4_T_le_v4SPD16_eabi.lib : boot_cortex_m.c.obj (.stack)
                  20000274    000001fc     --HOLE--

MODULE SUMMARY

       Module                         code   ro data   rw data
       ------                         ----   -------   -------
    .\
       tm4c123gh6pm_startup_ccs.obj   12     620       0      
       main.obj                       128    0         0      
    +--+------------------------------+------+---------+---------+
       Total:                         140    620       0      
                                                              
    C:/ti/TivaWare_C_Series-2.1.4.178/driverlib/ccs/Debug/driverlib.lib
       gpio.obj                       588    408       0      
       interrupt.obj                  172    20        620    
       sysctl.obj                     302    0         0      
       cpu.obj                        12     0         0      
    +--+------------------------------+------+---------+---------+
       Total:                         1074   428       620    
                                                              
    C:\ti\ccsv8\tools\compiler\ti-cgt-arm_18.1.3.LTS\lib\rtsv7M4_T_le_v4SPD16_eabi.lib
       autoinit.c.obj                 68     0         0      
       boot_cortex_m.c.obj            56     0         0      
       copy_zero_init.c.obj           18     0         0      
       exit.c.obj                     4      0         0      
       pre_init.c.obj                 4      0         0      
    +--+------------------------------+------+---------+---------+
       Total:                         150    0         0      
                                                              
       Stack:                         0      0         512    
       Linker Generated:              0      20        0      
    +--+------------------------------+------+---------+---------+
       Grand Total:                   1364   1068      1132   


LINKER GENERATED COPY TABLES

__TI_cinit_table @ 0000097c records: 1, size/record: 8, table size: 8
	.vtable: load addr=00000970, load size=00000008 bytes, run addr=20000000, run size=0000026c bytes, compression=zero_init


LINKER GENERATED HANDLER TABLE

__TI_handler_table @ 00000978 records: 1, size/record: 4, table size: 4
	index: 0, handler: __TI_zero_init


GLOBAL SYMBOLS: SORTED ALPHABETICALLY BY Name 

address   name                          
-------   ----                          
000007bf  C$$EXIT                       
00000791  CPUcpsie                      
000006fd  GPIODirModeSet                
0000079d  GPIOIntEnable                 
00000729  GPIOIntRegister               
0000057d  GPIOIntTypeSet                
0000026d  GPIOPadConfigSet              
00000759  GPIOPinTypeGPIOInput          
00000741  GPIOPinTypeGPIOOutput         
00000515  IntEnable                     
00000781  IntMasterEnable               
00000695  IntRegister                   
000007a9  ResetISR                      
000003a1  SysCtlClockSet                
000007b5  SysCtlDelay                   
000006c9  SysCtlPeripheralEnable        
20000470  __STACK_END                   
00000200  __STACK_SIZE                  
20000470  __STACK_TOP                   
0000097c  __TI_CINIT_Base               
00000984  __TI_CINIT_Limit              
00000978  __TI_Handler_Table_Base       
0000097c  __TI_Handler_Table_Limit      
00000619  __TI_auto_init_nobinit_nopinit
ffffffff  __TI_pprof_out_hndl           
ffffffff  __TI_prof_data_size           
ffffffff  __TI_prof_data_start          
00000000  __TI_static_base__            
0000076f  __TI_zero_init_nomemset       
ffffffff  __binit__                     
ffffffff  __c_args__                    
UNDEFED   __mpu_init                    
20000270  __stack                       
0000065d  _c_int00_noargs               
UNDEFED   _system_post_cinit            
000007bb  _system_pre_init              
000007bf  abort                         
ffffffff  binit                         
20000000  g_pfnRAMVectors               
00000000  g_pfnVectors                  
000004f7  kesmefonksiyonu               
00000495  main                          


GLOBAL SYMBOLS: SORTED BY Symbol Address 

address   name                          
-------   ----                          
00000000  __TI_static_base__            
00000000  g_pfnVectors                  
00000200  __STACK_SIZE                  
0000026d  GPIOPadConfigSet              
000003a1  SysCtlClockSet                
00000495  main                          
000004f7  kesmefonksiyonu               
00000515  IntEnable                     
0000057d  GPIOIntTypeSet                
00000619  __TI_auto_init_nobinit_nopinit
0000065d  _c_int00_noargs               
00000695  IntRegister                   
000006c9  SysCtlPeripheralEnable        
000006fd  GPIODirModeSet                
00000729  GPIOIntRegister               
00000741  GPIOPinTypeGPIOOutput         
00000759  GPIOPinTypeGPIOInput          
0000076f  __TI_zero_init_nomemset       
00000781  IntMasterEnable               
00000791  CPUcpsie                      
0000079d  GPIOIntEnable                 
000007a9  ResetISR                      
000007b5  SysCtlDelay                   
000007bb  _system_pre_init              
000007bf  C$$EXIT                       
000007bf  abort                         
00000978  __TI_Handler_Table_Base       
0000097c  __TI_CINIT_Base               
0000097c  __TI_Handler_Table_Limit      
00000984  __TI_CINIT_Limit              
20000000  g_pfnRAMVectors               
20000270  __stack                       
20000470  __STACK_END                   
20000470  __STACK_TOP                   
ffffffff  __TI_pprof_out_hndl           
ffffffff  __TI_prof_data_size           
ffffffff  __TI_prof_data_start          
ffffffff  __binit__                     
ffffffff  __c_args__                    
ffffffff  binit                         
UNDEFED   __mpu_init                    
UNDEFED   _system_post_cinit            

[42 symbols]
