******************************************************************************
                  TI ARM Linker PC v18.1.3                     
******************************************************************************
>> Linked Tue Oct 23 21:51:54 2018

OUTPUT FILE NAME:   <hafta5_2.out>
ENTRY POINT SYMBOL: "_c_int00_noinit_noargs"  address: 00000589


MEMORY CONFIGURATION

         name            origin    length      used     unused   attr    fill
----------------------  --------  ---------  --------  --------  ----  --------
  FLASH                 00000000   00040000  00000638  0003f9c8  R  X
  SRAM                  20000000   00008000  00000200  00007e00  RW X


SEGMENT ALLOCATION MAP

run origin  load origin   length   init length attrs members
----------  ----------- ---------- ----------- ----- -------
00000000    00000000    00000638   00000638    r-x
  00000000    00000000    0000026c   0000026c    r-- .intvecs
  0000026c    0000026c    000003cc   000003cc    r-x .text
20000000    20000000    00000200   00000000    rw-
  20000000    20000000    00000200   00000000    rw- .stack


SECTION ALLOCATION MAP

 output                                  attributes/
section   page    origin      length       input sections
--------  ----  ----------  ----------   ----------------
.intvecs   0    00000000    0000026c     
                  00000000    0000026c     tm4c123gh6pm_startup_ccs.obj (.intvecs)

.text      0    0000026c    000003cc     
                  0000026c    00000132     driverlib.lib : gpio.obj (.text:GPIOPadConfigSet)
                  0000039e    00000002     --HOLE-- [fill = 0]
                  000003a0    000000f4                   : sysctl.obj (.text:SysCtlClockSet)
                  00000494    000000c0     main.obj (.text)
                  00000554    00000034     driverlib.lib : sysctl.obj (.text:SysCtlPeripheralEnable)
                  00000588    00000030     rtsv7M4_T_le_v4SPD16_eabi.lib : boot_cortex_m.c.obj (.text:_c_int00_noinit_noargs:_c_int00_noinit_noargs)
                  000005b8    0000002c     driverlib.lib : gpio.obj (.text:GPIODirModeSet)
                  000005e4    00000018                   : gpio.obj (.text:GPIOPinTypeGPIOOutput)
                  000005fc    00000016                   : gpio.obj (.text:GPIOPinTypeGPIOInput)
                  00000612    0000000c     tm4c123gh6pm_startup_ccs.obj (.text)
                  0000061e    00000006     driverlib.lib : gpio.obj (.text:GPIOPinRead)
                  00000624    00000006                   : gpio.obj (.text:GPIOPinWrite)
                  0000062a    00000006                   : sysctl.obj (.text:SysCtlDelay)
                  00000630    00000004     rtsv7M4_T_le_v4SPD16_eabi.lib : pre_init.c.obj (.text:_system_pre_init)
                  00000634    00000004                                   : exit.c.obj (.text:abort:abort)

.cinit     0    00000000    00000000     UNINITIALIZED

.init_array 
*          0    00000000    00000000     UNINITIALIZED

.stack     0    20000000    00000200     UNINITIALIZED
                  20000000    00000004     rtsv7M4_T_le_v4SPD16_eabi.lib : boot_cortex_m.c.obj (.stack)
                  20000004    000001fc     --HOLE--

MODULE SUMMARY

       Module                         code   ro data   rw data
       ------                         ----   -------   -------
    .\
       tm4c123gh6pm_startup_ccs.obj   12     620       0      
       main.obj                       192    0         0      
    +--+------------------------------+------+---------+---------+
       Total:                         204    620       0      
                                                              
    C:/ti/TivaWare_C_Series-2.1.4.178/driverlib/ccs/Debug/driverlib.lib
       gpio.obj                       408    0         0      
       sysctl.obj                     302    0         0      
    +--+------------------------------+------+---------+---------+
       Total:                         710    0         0      
                                                              
    C:\ti\ccsv8\tools\compiler\ti-cgt-arm_18.1.3.LTS\lib\rtsv7M4_T_le_v4SPD16_eabi.lib
       boot_cortex_m.c.obj            48     0         0      
       exit.c.obj                     4      0         0      
       pre_init.c.obj                 4      0         0      
    +--+------------------------------+------+---------+---------+
       Total:                         56     0         0      
                                                              
       Stack:                         0      0         512    
    +--+------------------------------+------+---------+---------+
       Grand Total:                   970    620       512    


GLOBAL SYMBOLS: SORTED ALPHABETICALLY BY Name 

address   name                  
-------   ----                  
00000635  C$$EXIT               
000005b9  GPIODirModeSet        
0000026d  GPIOPadConfigSet      
0000061f  GPIOPinRead           
000005fd  GPIOPinTypeGPIOInput  
000005e5  GPIOPinTypeGPIOOutput 
00000625  GPIOPinWrite          
00000613  ResetISR              
000003a1  SysCtlClockSet        
0000062b  SysCtlDelay           
00000555  SysCtlPeripheralEnable
20000200  __STACK_END           
00000200  __STACK_SIZE          
20000200  __STACK_TOP           
ffffffff  __TI_pprof_out_hndl   
ffffffff  __TI_prof_data_size   
ffffffff  __TI_prof_data_start  
00000000  __TI_static_base__    
ffffffff  __binit__             
ffffffff  __c_args__            
UNDEFED   __mpu_init            
20000000  __stack               
00000589  _c_int00_noinit_noargs
00000631  _system_pre_init      
00000635  abort                 
ffffffff  binit                 
00000000  g_pfnVectors          
00000495  main                  


GLOBAL SYMBOLS: SORTED BY Symbol Address 

address   name                  
-------   ----                  
00000000  __TI_static_base__    
00000000  g_pfnVectors          
00000200  __STACK_SIZE          
0000026d  GPIOPadConfigSet      
000003a1  SysCtlClockSet        
00000495  main                  
00000555  SysCtlPeripheralEnable
00000589  _c_int00_noinit_noargs
000005b9  GPIODirModeSet        
000005e5  GPIOPinTypeGPIOOutput 
000005fd  GPIOPinTypeGPIOInput  
00000613  ResetISR              
0000061f  GPIOPinRead           
00000625  GPIOPinWrite          
0000062b  SysCtlDelay           
00000631  _system_pre_init      
00000635  C$$EXIT               
00000635  abort                 
20000000  __stack               
20000200  __STACK_END           
20000200  __STACK_TOP           
ffffffff  __TI_pprof_out_hndl   
ffffffff  __TI_prof_data_size   
ffffffff  __TI_prof_data_start  
ffffffff  __binit__             
ffffffff  __c_args__            
ffffffff  binit                 
UNDEFED   __mpu_init            

[28 symbols]
