******************************************************************************
                  TI ARM Linker PC v18.1.3                     
******************************************************************************
>> Linked Mon Oct 22 23:20:07 2018

OUTPUT FILE NAME:   <hafta5_3.out>
ENTRY POINT SYMBOL: "_c_int00_noargs"  address: 000006cd


MEMORY CONFIGURATION

         name            origin    length      used     unused   attr    fill
----------------------  --------  ---------  --------  --------  ----  --------
  FLASH                 00000000   00040000  00000a0c  0003f5f4  R  X
  SRAM                  20000000   00008000  0000046c  00007b94  RW X


SEGMENT ALLOCATION MAP

run origin  load origin   length   init length attrs members
----------  ----------- ---------- ----------- ----- -------
00000000    00000000    00000a0c   00000a0c    r-x
  00000000    00000000    0000026c   0000026c    r-- .intvecs
  0000026c    0000026c    000005e0   000005e0    r-x .text
  0000084c    0000084c    000001ac   000001ac    r-- .const
  000009f8    000009f8    00000014   00000014    r-- .cinit
20000000    20000000    00000470   00000000    rw-
  20000000    20000000    0000026c   00000000    rw- .vtable
  20000270    20000270    00000200   00000000    rw- .stack


SECTION ALLOCATION MAP

 output                                  attributes/
section   page    origin      length       input sections
--------  ----  ----------  ----------   ----------------
.intvecs   0    00000000    0000026c     
                  00000000    0000026c     tm4c123gh6pm_startup_ccs.obj (.intvecs)

.text      0    0000026c    000005e0     
                  0000026c    00000132     driverlib.lib : gpio.obj (.text:GPIOPadConfigSet)
                  0000039e    00000002     --HOLE-- [fill = 0]
                  000003a0    000000f4                   : sysctl.obj (.text:SysCtlClockSet)
                  00000494    000000f0     main.obj (.text)
                  00000584    00000068     driverlib.lib : interrupt.obj (.text:IntEnable)
                  000005ec    00000058                   : gpio.obj (.text:GPIOIntTypeSet)
                  00000644    00000044                   : gpio.obj (.text:_GPIOIntNumberGet)
                  00000688    00000044     rtsv7M4_T_le_v4SPD16_eabi.lib : autoinit.c.obj (.text:__TI_auto_init_nobinit_nopinit:__TI_auto_init_nobinit_nopinit)
                  000006cc    00000038                                   : boot_cortex_m.c.obj (.text:_c_int00_noargs:_c_int00_noargs)
                  00000704    00000034     driverlib.lib : interrupt.obj (.text:IntRegister)
                  00000738    00000034                   : sysctl.obj (.text:SysCtlPeripheralEnable)
                  0000076c    0000002c                   : gpio.obj (.text:GPIODirModeSet)
                  00000798    00000018                   : gpio.obj (.text:GPIOIntRegister)
                  000007b0    00000018                   : gpio.obj (.text:GPIOPinTypeGPIOOutput)
                  000007c8    00000016                   : gpio.obj (.text:GPIOPinTypeGPIOInput)
                  000007de    00000012     rtsv7M4_T_le_v4SPD16_eabi.lib : copy_zero_init.c.obj (.text:decompress:ZI:__TI_zero_init_nomemset:__TI_zero_init_nomemset)
                  000007f0    00000010     driverlib.lib : interrupt.obj (.text:IntMasterEnable)
                  00000800    0000000e                   : gpio.obj (.text:GPIOIntStatus)
                  0000080e    0000000c                   : cpu.obj (.text:CPUcpsie)
                  0000081a    0000000c                   : gpio.obj (.text:GPIOIntEnable)
                  00000826    0000000c     tm4c123gh6pm_startup_ccs.obj (.text)
                  00000832    00000006     driverlib.lib : gpio.obj (.text:GPIOIntClear)
                  00000838    00000006                   : gpio.obj (.text:GPIOPinWrite)
                  0000083e    00000006                   : sysctl.obj (.text:SysCtlDelay)
                  00000844    00000004     rtsv7M4_T_le_v4SPD16_eabi.lib : pre_init.c.obj (.text:_system_pre_init)
                  00000848    00000004                                   : exit.c.obj (.text:abort:abort)

.const     0    0000084c    000001ac     
                  0000084c    000000d8     driverlib.lib : gpio.obj (.const:g_ppui32GPIOIntMapSnowflake)
                  00000924    000000c0                   : gpio.obj (.const:g_ppui32GPIOIntMapBlizzard)
                  000009e4    00000014                   : interrupt.obj (.const:g_pui32EnRegs)

.cinit     0    000009f8    00000014     
                  000009f8    00000008     (.cinit..vtable.load) [load image, compression = zero_init]
                  00000a00    00000004     (__TI_handler_table)
                  00000a04    00000008     (__TI_cinit_table)

.init_array 
*          0    00000000    00000000     UNINITIALIZED

.vtable    0    20000000    0000026c     UNINITIALIZED
                  20000000    0000026c     driverlib.lib : interrupt.obj (.vtable)

.stack     0    20000270    00000200     UNINITIALIZED
                  20000270    00000004     rtsv7M4_T_le_v4SPD16_eabi.lib : boot_cortex_m.c.obj (.stack)
                  20000274    000001fc     --HOLE--

MODULE SUMMARY

       Module                         code   ro data   rw data
       ------                         ----   -------   -------
    .\
       tm4c123gh6pm_startup_ccs.obj   12     620       0      
       main.obj                       240    0         0      
    +--+------------------------------+------+---------+---------+
       Total:                         252    620       0      
                                                              
    C:/ti/TivaWare_C_Series-2.1.4.178/driverlib/ccs/Debug/driverlib.lib
       gpio.obj                       614    408       0      
       interrupt.obj                  172    20        620    
       sysctl.obj                     302    0         0      
       cpu.obj                        12     0         0      
    +--+------------------------------+------+---------+---------+
       Total:                         1100   428       620    
                                                              
    C:\ti\ccsv8\tools\compiler\ti-cgt-arm_18.1.3.LTS\lib\rtsv7M4_T_le_v4SPD16_eabi.lib
       autoinit.c.obj                 68     0         0      
       boot_cortex_m.c.obj            56     0         0      
       copy_zero_init.c.obj           18     0         0      
       exit.c.obj                     4      0         0      
       pre_init.c.obj                 4      0         0      
    +--+------------------------------+------+---------+---------+
       Total:                         150    0         0      
                                                              
       Stack:                         0      0         512    
       Linker Generated:              0      20        0      
    +--+------------------------------+------+---------+---------+
       Grand Total:                   1502   1068      1132   


LINKER GENERATED COPY TABLES

__TI_cinit_table @ 00000a04 records: 1, size/record: 8, table size: 8
	.vtable: load addr=000009f8, load size=00000008 bytes, run addr=20000000, run size=0000026c bytes, compression=zero_init


LINKER GENERATED HANDLER TABLE

__TI_handler_table @ 00000a00 records: 1, size/record: 4, table size: 4
	index: 0, handler: __TI_zero_init


GLOBAL SYMBOLS: SORTED ALPHABETICALLY BY Name 

address   name                          
-------   ----                          
00000849  C$$EXIT                       
0000080f  CPUcpsie                      
0000076d  GPIODirModeSet                
00000833  GPIOIntClear                  
0000081b  GPIOIntEnable                 
00000799  GPIOIntRegister               
00000801  GPIOIntStatus                 
000005ed  GPIOIntTypeSet                
0000026d  GPIOPadConfigSet              
000007c9  GPIOPinTypeGPIOInput          
000007b1  GPIOPinTypeGPIOOutput         
00000839  GPIOPinWrite                  
00000585  IntEnable                     
000007f1  IntMasterEnable               
00000705  IntRegister                   
00000827  ResetISR                      
000003a1  SysCtlClockSet                
0000083f  SysCtlDelay                   
00000739  SysCtlPeripheralEnable        
20000470  __STACK_END                   
00000200  __STACK_SIZE                  
20000470  __STACK_TOP                   
00000a04  __TI_CINIT_Base               
00000a0c  __TI_CINIT_Limit              
00000a00  __TI_Handler_Table_Base       
00000a04  __TI_Handler_Table_Limit      
00000689  __TI_auto_init_nobinit_nopinit
ffffffff  __TI_pprof_out_hndl           
ffffffff  __TI_prof_data_size           
ffffffff  __TI_prof_data_start          
00000000  __TI_static_base__            
000007df  __TI_zero_init_nomemset       
ffffffff  __binit__                     
ffffffff  __c_args__                    
UNDEFED   __mpu_init                    
20000270  __stack                       
000006cd  _c_int00_noargs               
UNDEFED   _system_post_cinit            
00000845  _system_pre_init              
00000849  abort                         
ffffffff  binit                         
20000000  g_pfnRAMVectors               
00000000  g_pfnVectors                  
00000495  kesmefonksiyonu               
00000503  main                          


GLOBAL SYMBOLS: SORTED BY Symbol Address 

address   name                          
-------   ----                          
00000000  __TI_static_base__            
00000000  g_pfnVectors                  
00000200  __STACK_SIZE                  
0000026d  GPIOPadConfigSet              
000003a1  SysCtlClockSet                
00000495  kesmefonksiyonu               
00000503  main                          
00000585  IntEnable                     
000005ed  GPIOIntTypeSet                
00000689  __TI_auto_init_nobinit_nopinit
000006cd  _c_int00_noargs               
00000705  IntRegister                   
00000739  SysCtlPeripheralEnable        
0000076d  GPIODirModeSet                
00000799  GPIOIntRegister               
000007b1  GPIOPinTypeGPIOOutput         
000007c9  GPIOPinTypeGPIOInput          
000007df  __TI_zero_init_nomemset       
000007f1  IntMasterEnable               
00000801  GPIOIntStatus                 
0000080f  CPUcpsie                      
0000081b  GPIOIntEnable                 
00000827  ResetISR                      
00000833  GPIOIntClear                  
00000839  GPIOPinWrite                  
0000083f  SysCtlDelay                   
00000845  _system_pre_init              
00000849  C$$EXIT                       
00000849  abort                         
00000a00  __TI_Handler_Table_Base       
00000a04  __TI_CINIT_Base               
00000a04  __TI_Handler_Table_Limit      
00000a0c  __TI_CINIT_Limit              
20000000  g_pfnRAMVectors               
20000270  __stack                       
20000470  __STACK_END                   
20000470  __STACK_TOP                   
ffffffff  __TI_pprof_out_hndl           
ffffffff  __TI_prof_data_size           
ffffffff  __TI_prof_data_start          
ffffffff  __binit__                     
ffffffff  __c_args__                    
ffffffff  binit                         
UNDEFED   __mpu_init                    
UNDEFED   _system_post_cinit            

[45 symbols]
